
> lexhoyweb@0.1.0 build
> next build

   Ôû▓ Next.js 15.5.4
   - Environments: .env.local, .env.production

   Creating an optimized production build ...
 Ô£ô Compiled successfully in 7.3s
   Skipping linting
   Checking validity of types ...
node.exe : Failed to compile.
En línea: 1 Carácter: 1
+ & "C:\Program Files\nodejs/node.exe" "C:\Program 
Files\nodejs/node_mo ...
+ ~~~~~~~~~~~~~~~~~~~~~~~~~~~~~~~~~~~~~~~~~~~~~~~~~~~~~~~~
~~~~~~~~~~~~~
    + CategoryInfo          : NotSpecified: (Failed to    
 compile.:String) [], RemoteException
    + FullyQualifiedErrorId : NativeCommandError
 

./scripts/borrar-usuarios-prueba.ts:48:44
Type error: Property 'email' does not exist on type 
'never'.

[0m [90m 46 |[39m             
[36mcontinue[39m[33m;[39m
 [90m 47 |[39m         }
[31m[1m>[22m[39m[90m 48 |[39m         
[36mconst[39m authUser [33m=[39m 
users[33m.[39mfind(u [33m=>[39m u[33m.[39memail 
[33m===[39m email)[33m;[39m
 [90m    |[39m                                          
  [31m[1m^[22m[39m
 [90m 49 |[39m         userId [33m=[39m 
authUser[33m?[39m[33m.[39mid[33m;[39m
 [90m 50 |[39m     }
 [90m 51 |[39m[0m
Next.js build worker exited with code: 1 and signal: null
