
> lexhoyweb@0.1.0 build C:\Users\blanc\Documents\WorkSpace\LexHoy\lexhoyweb
> next build

   Ôû▓ Next.js 16.0.7 (Turbopack)
   - Environments: .env.local, .env.production

   Creating an optimized production build ...
 Ô£ô Compiled successfully in 7.6s
   Running TypeScript ...
node.exe : Failed to compile.
En C:\Users\blanc\AppData\Roaming\npm\pnpm.p
s1: 24 Carácter: 5
+     & "node$exe"  
"$basedir/node_modules/pnpm/bin/pnpm.cjs" 
$args
+     ~~~~~~~~~~~~~~~~~~~~~~~~~~~~~~~~~~~~~~
~~~~~~~~~~~~~~~~~~~~~~~
    + CategoryInfo          : NotSpec    
ified: (Failed to compile.:String    ) [], 
RemoteException
    + FullyQualifiedErrorId : NativeC    
ommandError
 

./app/dashboard/admin/marketing/page.tsx:225
:25
Type error: Property 'comingSoon' does not 
exist on type '{ title: string; subtitle: 
string; description: string; icon: ForwardRe
fExoticComponent<Omit<SVGProps<SVGSVGElement
>, "ref"> & { title?: string; titleId?: 
string; } & RefAttributes<SVGSVGElement>>; 
href: string; color: string; featured: 
boolean; } | { ...; }'.
  Property 'comingSoon' does not exist on 
type '{ title: string; subtitle: string; 
description: string; icon: ForwardRefExoticC
omponent<Omit<SVGProps<SVGSVGElement>, 
"ref"> & { title?: string; titleId?: 
string; } & RefAttributes<SVGSVGElement>>; 
href: string; color: string; featured: 
boolean; }'.

[0m [90m 223 |[39m                 
className[33m=[39m{[32m`${colors.bg} 
rounded-xl shadow-sm border-2 
${colors.border} p-6 hover:shadow-md 
transition-shadow relative`[39m}
 [90m 224 |[39m               [33m>[39m
[31m[1m>[22m[39m[90m 225 |[39m        
         {option[33m.[39mcomingSoon 
[33m&&[39m (
 [90m     |[39m                         
[31m[1m^[22m[39m
 [90m 226 |[39m                   
[33m<[39m[33mdiv[39m 
className[33m=[39m[32m"absolute top-4 
right-4"[39m[33m>[39m
 [90m 227 |[39m                     
[33m<[39m[33mspan[39m 
className[33m=[39m[32m"bg-gray-800 
text-white text-xs px-2 py-1 
rounded-full"[39m[33m>[39m
 [90m 228 |[39m                       
[33mPr├│ximamente[39m[0m
Next.js build worker exited with code: 1 
and signal: null
ÔÇëELIFECYCLEÔÇë Command failed with exit code 1.
