
> lexhoyweb@0.1.0 test
> jest __tests__/userService.test.ts

node.exe : FAIL __tests__/userService.test.ts
En línea: 1 Carácter: 1
+ & "C:\Program Files\nodejs/node.exe" "C:\Program 
Files\nodejs/node_mo ...
+ ~~~~~~~~~~~~~~~~~~~~~~~~~~~~~~~~~~~~~~~~~~~~~~~~~~~~~~
~~~~~~~~~~~~~~~
    + CategoryInfo          : NotSpecified: (FAIL __tes 
   ts__/userService.test.ts:String) [], RemoteExceptio  
  n
    + FullyQualifiedErrorId : NativeCommandError
 
  UserService - Gesti├│n de Roles y Despachos
    unassignDespachoFromUser
      ├ù deber├¡a degradar a usuario si no le quedan 
m├ís despachos (4 ms)

  ÔùÅ UserService - Gesti├│n de Roles y Despachos ÔÇ║ 
unassignDespachoFromUser ÔÇ║ deber├¡a degradar a 
usuario si no le quedan m├ís despachos

    Missing NEXT_PUBLIC_SUPABASE_URL

    [0m [90m 2 |[39m
     [90m 3 |[39m [36mif[39m ([33m![39mprocess[33
m.[39menv[33m.[39m[33mNEXT_PUBLIC_SUPABASE_URL[39m)
 {
    [31m[1m>[22m[39m[90m 4 |[39m   
[36mthrow[39m [36mnew[39m 
[33mError[39m([32m"Missing 
NEXT_PUBLIC_SUPABASE_URL"[39m)[33m;[39m
     [90m   |[39m         [31m[1m^[22m[39m
     [90m 5 |[39m }
     [90m 6 |[39m
     [90m 7 |[39m [36mif[39m ([33m![39mprocess[33
m.[39menv[33m.[39m[33mNEXT_PUBLIC_SUPABASE_ANON_KEY
[39m) {[0m

      at Object.<anonymous> (lib/supabase.ts:4:9)
      at Object.<anonymous> (lib/userService.ts:11:19)
      at require (__tests__/userService.test.ts:41:42)
      at Object.isolateModules 
(__tests__/userService.test.ts:40:10)

Test Suites: 1 failed, 1 total
Tests:       1 failed, 1 total
Snapshots:   0 total
Time:        0.559 s, estimated 1 s
Ran all test suites matching 
__tests__/userService.test.ts.
